<html>
<body>
<pre>
<h1>µVision Build Log</h1>
<h2>Project:</h2>
C:\Users\Anteq\Desktop\Projekty\Szkola\Studia\zzpsw\FreeRTOS\Demo\ARM7_LPC2129_Keil_RVDS\RTOSDemo.uvproj
Project File Date:  01/18/2026

<h2>Output:</h2>
Build target 'RTOSDemo_THUMB'
assembling Startup.s...
compiling main.c...
compiling led.c...
compiling string.c...
compiling uart.c...
compiling keyboard.c...
compiling servo.c...
compiling timer_interrupts.c...
compiling tasks.c...
compiling list.c...
compiling queue.c...
compiling port.c...
compiling heap_2.c...
assembling portASM.s...
linking...
Program Size: Code=11896 RO-data=32 RW-data=104 ZI-data=8000  
FromELF: creating hex file...
".\bin\RTOSDemo.axf" - 0 Errors, 0 Warning(s).
Build target 'RTOSDemo_THUMB'
linking...
Program Size: Code=11896 RO-data=32 RW-data=104 ZI-data=8000  
FromELF: creating hex file...
".\bin\RTOSDemo.axf" - 0 Errors, 0 Warning(s).
Clean started: Project: 'RTOSDemo'
   deleting intermediate output files for target 'RTOSDemo_ARM'
   deleting intermediate output files for target 'RTOSDemo_THUMB'
Clean started: Project: 'RTOSDemo'
   deleting intermediate output files for target 'RTOSDemo_ARM'
   deleting intermediate output files for target 'RTOSDemo_THUMB'
Build target 'RTOSDemo_THUMB'
assembling Startup.s...
compiling main.c...
main.c(19): error:  #29: expected an expression
main.c(19): error:  #20: identifier "i" is undefined
compiling led.c...
compiling string.c...
compiling uart.c...
compiling keyboard.c...
compiling servo.c...
compiling timer_interrupts.c...
compiling tasks.c...
compiling list.c...
compiling queue.c...
compiling port.c...
compiling heap_2.c...
assembling portASM.s...
".\bin\RTOSDemo.axf" - 2 Errors, 0 Warning(s).
Target not created
Build target 'RTOSDemo_THUMB'
compiling main.c...
main.c(19): error:  #29: expected an expression
main.c(19): error:  #20: identifier "i" is undefined
".\bin\RTOSDemo.axf" - 2 Errors, 0 Warning(s).
Target not created
Build target 'RTOSDemo_THUMB'
compiling main.c...
linking...
Program Size: Code=11924 RO-data=32 RW-data=104 ZI-data=8000  
FromELF: creating hex file...
".\bin\RTOSDemo.axf" - 0 Errors, 0 Warning(s).
Clean started: Project: 'RTOSDemo'
   deleting intermediate output files for target 'RTOSDemo_ARM'
   deleting intermediate output files for target 'RTOSDemo_THUMB'
Build target 'RTOSDemo_THUMB'
assembling Startup.s...
compiling main.c...
servo.h(4): warning:  #1-D: last line of file ends without a newline
compiling led.c...
compiling string.c...
compiling uart.c...
compiling keyboard.c...
compiling servo.c...
servo.h(4): warning:  #1-D: last line of file ends without a newline
compiling timer_interrupts.c...
compiling tasks.c...
compiling list.c...
compiling queue.c...
compiling port.c...
compiling heap_2.c...
assembling portASM.s...
linking...
Program Size: Code=11948 RO-data=32 RW-data=104 ZI-data=8000  
FromELF: creating hex file...
".\bin\RTOSDemo.axf" - 0 Errors, 2 Warning(s).
Build target 'RTOSDemo_THUMB'
linking...
Program Size: Code=11948 RO-data=32 RW-data=104 ZI-data=8000  
FromELF: creating hex file...
".\bin\RTOSDemo.axf" - 0 Errors, 0 Warning(s).
Build target 'RTOSDemo_THUMB'
compiling main.c...
compiling servo.c...
linking...
Program Size: Code=11948 RO-data=32 RW-data=104 ZI-data=8000  
FromELF: creating hex file...
".\bin\RTOSDemo.axf" - 0 Errors, 0 Warning(s).
Build target 'RTOSDemo_THUMB'
linking...
Program Size: Code=11948 RO-data=32 RW-data=104 ZI-data=8000  
FromELF: creating hex file...
".\bin\RTOSDemo.axf" - 0 Errors, 0 Warning(s).
Clean started: Project: 'RTOSDemo'
   deleting intermediate output files for target 'RTOSDemo_ARM'
   deleting intermediate output files for target 'RTOSDemo_THUMB'
Clean started: Project: 'RTOSDemo'
   deleting intermediate output files for target 'RTOSDemo_ARM'
   deleting intermediate output files for target 'RTOSDemo_THUMB'
Build target 'RTOSDemo_THUMB'
assembling Startup.s...
compiling main.c...
compiling led.c...
compiling string.c...
compiling uart.c...
compiling keyboard.c...
compiling servo.c...
compiling timer_interrupts.c...
compiling tasks.c...
compiling list.c...
compiling queue.c...
compiling port.c...
compiling heap_2.c...
assembling portASM.s...
linking...
Program Size: Code=12056 RO-data=32 RW-data=112 ZI-data=8000  
FromELF: creating hex file...
".\bin\RTOSDemo.axf" - 0 Errors, 0 Warning(s).
Build target 'RTOSDemo_THUMB'
linking...
Program Size: Code=12056 RO-data=32 RW-data=112 ZI-data=8000  
FromELF: creating hex file...
".\bin\RTOSDemo.axf" - 0 Errors, 0 Warning(s).
Build target 'RTOSDemo_THUMB'
compiling servo.c...
servo.c(48): warning:  #177-D: variable "uiOffset" was declared but never referenced
linking...
Program Size: Code=12024 RO-data=32 RW-data=112 ZI-data=8000  
FromELF: creating hex file...
".\bin\RTOSDemo.axf" - 0 Errors, 1 Warning(s).
Build target 'RTOSDemo_THUMB'
linking...
Program Size: Code=12024 RO-data=32 RW-data=112 ZI-data=8000  
FromELF: creating hex file...
".\bin\RTOSDemo.axf" - 0 Errors, 0 Warning(s).
Build target 'RTOSDemo_THUMB'
linking...
Program Size: Code=12024 RO-data=32 RW-data=112 ZI-data=8000  
FromELF: creating hex file...
".\bin\RTOSDemo.axf" - 0 Errors, 0 Warning(s).
Build target 'RTOSDemo_THUMB'
linking...
Program Size: Code=12024 RO-data=32 RW-data=112 ZI-data=8000  
FromELF: creating hex file...
".\bin\RTOSDemo.axf" - 0 Errors, 0 Warning(s).
Build target 'RTOSDemo_THUMB'
linking...
Program Size: Code=12024 RO-data=32 RW-data=112 ZI-data=8000  
FromELF: creating hex file...
".\bin\RTOSDemo.axf" - 0 Errors, 0 Warning(s).
Build target 'RTOSDemo_THUMB'
compiling servo.c...
servo.c(48): warning:  #177-D: variable "uiOffset" was declared but never referenced
linking...
Program Size: Code=12008 RO-data=32 RW-data=104 ZI-data=8000  
FromELF: creating hex file...
".\bin\RTOSDemo.axf" - 0 Errors, 1 Warning(s).
Build target 'RTOSDemo_THUMB'
compiling servo.c...
linking...
Program Size: Code=12008 RO-data=32 RW-data=104 ZI-data=8000  
FromELF: creating hex file...
".\bin\RTOSDemo.axf" - 0 Errors, 0 Warning(s).
Build target 'RTOSDemo_THUMB'
compiling main.c...
servo.h(5): warning:  #1-D: last line of file ends without a newline
compiling servo.c...
servo.c(154): warning:  #1-D: last line of file ends without a newline
linking...
Program Size: Code=12004 RO-data=32 RW-data=108 ZI-data=8004  
FromELF: creating hex file...
".\bin\RTOSDemo.axf" - 0 Errors, 2 Warning(s).
Build target 'RTOSDemo_THUMB'
linking...
Program Size: Code=12004 RO-data=32 RW-data=108 ZI-data=8004  
FromELF: creating hex file...
".\bin\RTOSDemo.axf" - 0 Errors, 0 Warning(s).
Build target 'RTOSDemo_THUMB'
compiling servo.c...
linking...
Program Size: Code=12004 RO-data=32 RW-data=108 ZI-data=8004  
FromELF: creating hex file...
".\bin\RTOSDemo.axf" - 0 Errors, 0 Warning(s).
Build target 'RTOSDemo_THUMB'
compiling servo.c...
servo.h(5): warning:  #1-D: last line of file ends without a newline
linking...
Program Size: Code=12004 RO-data=32 RW-data=104 ZI-data=8000  
FromELF: creating hex file...
".\bin\RTOSDemo.axf" - 0 Errors, 1 Warning(s).
Build target 'RTOSDemo_THUMB'
compiling main.c...
compiling servo.c...
linking...
Program Size: Code=12004 RO-data=32 RW-data=104 ZI-data=8000  
FromELF: creating hex file...
".\bin\RTOSDemo.axf" - 0 Errors, 0 Warning(s).
Build target 'RTOSDemo_THUMB'
compiling main.c...
main.c(8): warning:  #177-D: variable "i" was declared but never referenced
linking...
Program Size: Code=12012 RO-data=32 RW-data=104 ZI-data=8000  
FromELF: creating hex file...
".\bin\RTOSDemo.axf" - 0 Errors, 1 Warning(s).
Build target 'RTOSDemo_THUMB'
compiling main.c...
linking...
Program Size: Code=12008 RO-data=32 RW-data=104 ZI-data=8000  
FromELF: creating hex file...
".\bin\RTOSDemo.axf" - 0 Errors, 0 Warning(s).
Build target 'RTOSDemo_THUMB'
compiling main.c...
linking...
Program Size: Code=12008 RO-data=32 RW-data=104 ZI-data=8000  
FromELF: creating hex file...
".\bin\RTOSDemo.axf" - 0 Errors, 0 Warning(s).
Clean started: Project: 'RTOSDemo'
   deleting intermediate output files for target 'RTOSDemo_ARM'
   deleting intermediate output files for target 'RTOSDemo_THUMB'
Clean started: Project: 'RTOSDemo'
   deleting intermediate output files for target 'RTOSDemo_ARM'
   deleting intermediate output files for target 'RTOSDemo_THUMB'
