<html>
<body>
<pre>
<h1>µVision Build Log</h1>
<h2>Project:</h2>
C:\Users\Anteq\Desktop\Projekty\Szkola\Studia\zzpsw\FreeRTOS\Demo\ARM7_LPC2129_Keil_RVDS\RTOSDemo.uvproj
Project File Date:  01/03/2026

<h2>Output:</h2>
Clean started: Project: 'RTOSDemo'
   deleting intermediate output files for target 'RTOSDemo_ARM'
   deleting intermediate output files for target 'RTOSDemo_THUMB'
Build target 'RTOSDemo_THUMB'
assembling Startup.s...
compiling main.c...
compiling led.c...
compiling string.c...
compiling uart.c...
uart.c(119): error:  #20: identifier "ISR" is undefined
compiling tasks.c...
compiling list.c...
compiling queue.c...
compiling port.c...
compiling heap_2.c...
assembling portASM.s...
".\bin\RTOSDemo.axf" - 1 Errors, 0 Warning(s).
Target not created
Build target 'RTOSDemo_THUMB'
compiling uart.c...
uart.c(119): error:  #20: identifier "ISR" is undefined
".\bin\RTOSDemo.axf" - 1 Errors, 0 Warning(s).
Target not created
Build target 'RTOSDemo_THUMB'
compiling uart.c...
linking...
Program Size: Code=9392 RO-data=32 RW-data=96 ZI-data=8064  
FromELF: creating hex file...
".\bin\RTOSDemo.axf" - 0 Errors, 0 Warning(s).
Clean started: Project: 'RTOSDemo'
   deleting intermediate output files for target 'RTOSDemo_ARM'
   deleting intermediate output files for target 'RTOSDemo_THUMB'
