<html>
<body>
<pre>
<h1>µVision Build Log</h1>
<h2>Project:</h2>
C:\users\steamuser\Documents\Studia\S4-ZZPSW\FreeRTOS\Demo\ARM7_LPC2129_Keil_RVDS\RTOSDemo.uvproj
Project File Date:  12/07/2025

<h2>Output:</h2>
Build target 'RTOSDemo_THUMB'
assembling Startup.s...
compiling main.c...
main.c(9): warning:  #223-D: function "eTransmiter_Status" declared implicitly
compiling led.c...
compiling string.c...
compiling uart.c...
compiling tasks.c...
compiling list.c...
compiling queue.c...
compiling port.c...
compiling heap_2.c...
assembling portASM.s...
linking...
.\bin\RTOSDemo.axf: Error: L6218E: Undefined symbol eTransmiter_Status (referred from main.o).
".\bin\RTOSDemo.axf" - 1 Errors, 1 Warning(s).
Target not created
Build target 'RTOSDemo_THUMB'
compiling main.c...
main.c(9): warning:  #223-D: function "eTransmiter_Status" declared implicitly
compiling string.c...
compiling uart.c...
linking...
.\bin\RTOSDemo.axf: Error: L6218E: Undefined symbol eTransmiter_Status (referred from main.o).
".\bin\RTOSDemo.axf" - 1 Errors, 1 Warning(s).
Target not created
Build target 'RTOSDemo_THUMB'
compiling uart.c...
linking...
.\bin\RTOSDemo.axf: Error: L6218E: Undefined symbol eTransmiter_Status (referred from main.o).
".\bin\RTOSDemo.axf" - 1 Errors, 0 Warning(s).
Target not created
Build target 'RTOSDemo_THUMB'
compiling main.c...
compiling uart.c...
linking...
Program Size: Code=9368 RO-data=32 RW-data=96 ZI-data=8024  
FromELF: creating hex file...
".\bin\RTOSDemo.axf" - 0 Errors, 0 Warning(s).
Clean started: Project: 'RTOSDemo'
   deleting intermediate output files for target 'RTOSDemo_ARM'
   deleting intermediate output files for target 'RTOSDemo_THUMB'
