<html>
<body>
<pre>
<h1>µVision Build Log</h1>
<h2>Project:</h2>
Z:\home\anteq\Documents\Studia\S4-ZZPSW\FreeRTOS\Demo\ARM7_LPC2129_Keil_RVDS\RTOSDemo.uvproj
Project File Date:  12/07/2025

<h2>Output:</h2>
Build target 'RTOSDemo_THUMB'
assembling Startup.s...
compiling main.c...
main.c(16): error:  #29: expected an expression
main.c(17): error:  #29: expected an expression
main.c(20): warning:  #1-D: last line of file ends without a newline
compiling led.c...
compiling tasks.c...
compiling list.c...
compiling queue.c...
compiling port.c...
compiling heap_2.c...
assembling portASM.s...
".\bin\RTOSDemo.axf" - 2 Errors, 1 Warning(s).
Target not created
Build target 'RTOSDemo_THUMB'
compiling main.c...
main.c(16): error:  #29: expected an expression
main.c(17): error:  #29: expected an expression
main.c(20): warning:  #1-D: last line of file ends without a newline
".\bin\RTOSDemo.axf" - 2 Errors, 1 Warning(s).
Target not created
Build target 'RTOSDemo_THUMB'
compiling main.c...
main.c(16): error:  #29: expected an expression
main.c(17): error:  #29: expected an expression
main.c(20): warning:  #1-D: last line of file ends without a newline
".\bin\RTOSDemo.axf" - 2 Errors, 1 Warning(s).
Target not created
Build target 'RTOSDemo_THUMB'
compiling main.c...
main.c(16): error:  #167: argument of type "int" is incompatible with parameter of type "const char *const"
main.c(16): error:  #167: argument of type "unsigned char *" is incompatible with parameter of type "const StackType_t"
main.c(16): error:  #167: argument of type "int" is incompatible with parameter of type "void *const"
main.c(16): error:  #165: too few arguments in function call
main.c(17): error:  #167: argument of type "int" is incompatible with parameter of type "const char *const"
main.c(17): error:  #167: argument of type "unsigned char *" is incompatible with parameter of type "const StackType_t"
main.c(17): error:  #167: argument of type "int" is incompatible with parameter of type "void *const"
main.c(17): error:  #167: argument of type "TaskHandle_t *" is incompatible with parameter of type "UBaseType_t"
main.c(17): error:  #165: too few arguments in function call
main.c(20): warning:  #1-D: last line of file ends without a newline
".\bin\RTOSDemo.axf" - 9 Errors, 1 Warning(s).
Target not created
Build target 'RTOSDemo_THUMB'
compiling main.c...
main.c(16): error:  #167: argument of type "int" is incompatible with parameter of type "const char *const"
main.c(16): error:  #167: argument of type "unsigned char *" is incompatible with parameter of type "const StackType_t"
main.c(16): error:  #167: argument of type "int" is incompatible with parameter of type "void *const"
main.c(16): error:  #165: too few arguments in function call
main.c(17): error:  #167: argument of type "int" is incompatible with parameter of type "const char *const"
main.c(17): error:  #167: argument of type "unsigned char *" is incompatible with parameter of type "const StackType_t"
main.c(17): error:  #167: argument of type "int" is incompatible with parameter of type "void *const"
main.c(17): error:  #167: argument of type "TaskHandle_t *" is incompatible with parameter of type "UBaseType_t"
main.c(17): error:  #165: too few arguments in function call
main.c(20): warning:  #1-D: last line of file ends without a newline
".\bin\RTOSDemo.axf" - 9 Errors, 1 Warning(s).
Target not created
Build target 'RTOSDemo_THUMB'
compiling main.c...
main.c(16): error:  #20: identifier "LedBlink" is undefined
main.c(20): warning:  #1-D: last line of file ends without a newline
".\bin\RTOSDemo.axf" - 1 Errors, 1 Warning(s).
Target not created
Build target 'RTOSDemo_THUMB'
compiling main.c...
main.c(16): error:  #20: identifier "LedCtrl" is undefined
main.c(17): error:  #20: identifier "LedBlink" is undefined
main.c(20): warning:  #1-D: last line of file ends without a newline
".\bin\RTOSDemo.axf" - 2 Errors, 1 Warning(s).
Target not created
Build target 'RTOSDemo_THUMB'
compiling main.c...
main.c(36): warning:  #1-D: last line of file ends without a newline
main.c(28): warning:  #177-D: variable "ucBlinkingFreq" was declared but never referenced
linking...
Program Size: Code=11312 RO-data=32 RW-data=104 ZI-data=7992  
FromELF: creating hex file...
".\bin\RTOSDemo.axf" - 0 Errors, 2 Warning(s).
Build target 'RTOSDemo_THUMB'
linking...
Program Size: Code=11312 RO-data=32 RW-data=104 ZI-data=7992  
FromELF: creating hex file...
".\bin\RTOSDemo.axf" - 0 Errors, 0 Warning(s).
Build target 'RTOSDemo_THUMB'
linking...
Program Size: Code=11312 RO-data=32 RW-data=104 ZI-data=7992  
FromELF: creating hex file...
".\bin\RTOSDemo.axf" - 0 Errors, 0 Warning(s).
Build target 'RTOSDemo_THUMB'
compiling main.c...
main.c(35): warning:  #1-D: last line of file ends without a newline
linking...
Program Size: Code=11352 RO-data=32 RW-data=104 ZI-data=7992  
FromELF: creating hex file...
".\bin\RTOSDemo.axf" - 0 Errors, 1 Warning(s).
Build target 'RTOSDemo_THUMB'
linking...
Program Size: Code=11352 RO-data=32 RW-data=104 ZI-data=7992  
FromELF: creating hex file...
".\bin\RTOSDemo.axf" - 0 Errors, 0 Warning(s).
Build target 'RTOSDemo_THUMB'
linking...
Program Size: Code=11352 RO-data=32 RW-data=104 ZI-data=7992  
FromELF: creating hex file...
".\bin\RTOSDemo.axf" - 0 Errors, 0 Warning(s).
Build target 'RTOSDemo_THUMB'
compiling main.c...
main.c(35): warning:  #1-D: last line of file ends without a newline
compiling led.c...
linking...
Program Size: Code=11480 RO-data=32 RW-data=104 ZI-data=7992  
FromELF: creating hex file...
".\bin\RTOSDemo.axf" - 0 Errors, 1 Warning(s).
Build target 'RTOSDemo_THUMB'
linking...
Program Size: Code=11480 RO-data=32 RW-data=104 ZI-data=7992  
FromELF: creating hex file...
".\bin\RTOSDemo.axf" - 0 Errors, 0 Warning(s).
Clean started: Project: 'RTOSDemo'
   deleting intermediate output files for target 'RTOSDemo_ARM'
   deleting intermediate output files for target 'RTOSDemo_THUMB'
Clean started: Project: 'RTOSDemo'
   deleting intermediate output files for target 'RTOSDemo_ARM'
   deleting intermediate output files for target 'RTOSDemo_THUMB'
Build target 'RTOSDemo_THUMB'
assembling Startup.s...
compiling main.c...
main.c(44): warning:  #1-D: last line of file ends without a newline
compiling led.c...
compiling tasks.c...
compiling list.c...
compiling queue.c...
compiling port.c...
compiling heap_2.c...
assembling portASM.s...
linking...
Program Size: Code=11536 RO-data=32 RW-data=104 ZI-data=7992  
FromELF: creating hex file...
".\bin\RTOSDemo.axf" - 0 Errors, 1 Warning(s).
Build target 'RTOSDemo_THUMB'
linking...
Program Size: Code=11536 RO-data=32 RW-data=104 ZI-data=7992  
FromELF: creating hex file...
".\bin\RTOSDemo.axf" - 0 Errors, 0 Warning(s).
Clean started: Project: 'RTOSDemo'
   deleting intermediate output files for target 'RTOSDemo_ARM'
   deleting intermediate output files for target 'RTOSDemo_THUMB'
Build target 'RTOSDemo_THUMB'
assembling Startup.s...
compiling main.c...
main.c(46): warning:  #1-D: last line of file ends without a newline
compiling led.c...
compiling tasks.c...
compiling list.c...
compiling queue.c...
compiling port.c...
compiling heap_2.c...
assembling portASM.s...
linking...
Program Size: Code=11540 RO-data=32 RW-data=104 ZI-data=7992  
FromELF: creating hex file...
".\bin\RTOSDemo.axf" - 0 Errors, 1 Warning(s).
Build target 'RTOSDemo_THUMB'
compiling main.c...
linking...
Program Size: Code=11540 RO-data=32 RW-data=104 ZI-data=7992  
FromELF: creating hex file...
".\bin\RTOSDemo.axf" - 0 Errors, 0 Warning(s).
Build target 'RTOSDemo_THUMB'
linking...
Program Size: Code=11540 RO-data=32 RW-data=104 ZI-data=7992  
FromELF: creating hex file...
".\bin\RTOSDemo.axf" - 0 Errors, 0 Warning(s).
Build target 'RTOSDemo_THUMB'
linking...
Program Size: Code=11540 RO-data=32 RW-data=104 ZI-data=7992  
FromELF: creating hex file...
".\bin\RTOSDemo.axf" - 0 Errors, 0 Warning(s).
Clean started: Project: 'RTOSDemo'
   deleting intermediate output files for target 'RTOSDemo_ARM'
   deleting intermediate output files for target 'RTOSDemo_THUMB'
